Script started on Sun 22 Nov 2015 08:00:16 PM PST
]0;jphan016@hammer:~/ucr-cs100/rshell[?1034h[jphan016@hammer rshell]$ ls -a
[0m[01;34m.[0m   [01;34m.git[0m        LICENSE   precedence_test  [01;34msrc[0m           [01;34mtests[0m
[01;34m..[0m  .gitignore  Makefile  README.md        test_command
[m]0;jphan016@hammer:~/ucr-cs100/rshell[jphan016@hammer rshell]$ make
if [ ! -d bin ]; then mkdir ./bin; fi
g++ -Wall -Werror -ansi -pedantic src/main.cpp -o bin/rshell
]0;jphan016@hammer:~/ucr-cs100/rshell[jphan016@hammer rshell]$ cd bin
]0;jphan016@hammer:~/ucr-cs100/rshell/bin[jphan016@hammer bin]$ ls -a
[0m[01;34m.[0m  [01;34m..[0m  [01;32mrshell[0m
[m]0;jphan016@hammer:~/ucr-cs100/rshell/bin[jphan016@hammer bin]$ ./rshell
jphan016@hammer.cs.ucr.edu $ (echo a && echo b) || (echo c && echo d)
a
b
jphan016@hammer.cs.ucr.edu $ (echo a && echob) || (echo c && echo d)
a
execvp failed: No such file or directory
c
d
jphan016@hammer.cs.ucr.edu $ (echo a && echo b && echoc) || (echo d || echo e)
a
b
execvp failed: No such file or directory
d
jphan016@hammer.cs.ucr.edu $ (echo a && exit) || (echo c && echo d)
a
Sayonara!!

]0;jphan016@hammer:~/ucr-cs100/rshell/bin[jphan016@hammer bin]$ ./rshell
jphan016@hammer.cs.ucr.edu $ (echo a && echo b) || (exit && echo c)
a
b
jphan016@hammer.cs.ucr.edu $ (echo a && ec  (echo b || echo c) && echo d)
a
b
d
jphan016@hammer.cs.ucr.edu $ (echo a && )ec   (echo b &&  ec   echo d)             b || echo c) && echo d)
a
execvp failed: No such file or directory
c
d
jphan016@hammer.cs.ucr.edu $ (echo a && (echo b ^^^H^H      && echoc) ||    || echo d)
a
b
execvp failed: No such file or directory
d
jphan016@hammer.cs.ucr.edu $ (ca  ls && ls) || cal
rshell
rshell
jphan016@hammer.cs.ucr.edu $ ( ( (echo a # don't show this part)
Debug Test: if statement cmd say: (echo a 
a
jphan016@hammer.cs.ucr.edu $ (cal && echo b) && (  echo c # don't show this)
Debug Test: if statement cmd say: (cal && echo b) && (echo c 
    November 2015   
Su Mo Tu We Th Fr Sa
 1  2  3  4  5  6  7
 8  9 10 11 12 13 14
15 16 17 18 19 20 21
[7m22[27m 23 24 25 26 27 28
29 30

b
c
jphan016@hammer.cs.ucr.edu $ exit
Sayonara!!

]0;jphan016@hammer:~/ucr-cs100/rshell/bin[jphan016@hammer bin]$ exit
exit

Script done on Sun 22 Nov 2015 08:03:31 PM PST
